0:                   
0: 0 95 0 95         FirstTuple:  .tuple \0 _ 0 _ r\
5: 0 48 1 49         	     .tuple \0 0 1 1 r\
10: 0 49 1 48                     .tuple \0 1 1 0 r\
15: 1 48 1 49        	     .tuple \1 0 1 1 r\
20: 1 49 1 48                     .tuple \1 1 1 0 r\
25: 15 95 95 95      Tape:        .String "____01101001___"
41: 24 83 116 97     IntroMess:   .String "Starting Turing Machine!" 
66:                  ;r0 will contain the Tape Pointer
66:                  ;r1 will contain the Current State
66:                  ;r2 will contain the Current Tuple's Initial State
66:                  ;r3 will contain the Memory Pointer
66:                  ;r4 will contain the First Tuple's Memory Address
66:                  ;r5 will contain the Number of Loops
66:                  ;r6 will contain the Character for Output
66:                  ;r7 will contain the Current Tuple's Direction
66:                  ;r8 will contain the Current Tuple's Input
66:                  ;r9 will contain the Current Input on the Tape
66: 10 25 0          SetupTuringMachine:  movar Tape r0
69: 12 1 0           	 	     addir #1 r0
72: 5 0 1            		     movir #0 r1 	  ; Current State
75: 12 0 3                   	     addir #0 r3
78: 10 0 4           		     movar FirstTuple r4
81: 5 0 5            		     movir #0 r5
84:                  		     
84: 55 41            	     	     outs IntroMess
86: 12 1 5             FindTuplesCheck1:  addir #1 r5
89: 33 5 5           	             cmpir #5 r5
92: 38 178           		     jmpp StopTuringMachine
94: 15 3 2           		     addxr r3 r2
97: 34 1 2                        	     cmprr r1 r2
100: 57 168          	  	     jmpne LoopAfterCheck1
102:                 		     
102: 12 1 3            FindTuplesCheck2:  addir #1 r3
105: 15 3 8          		     addxr r3 r8
108: 15 0 9          		     addxr r0 r9
111: 34 8 9          	  	     cmprr r8 r9
114: 57 173          		     jmpne LoopAfterCheck2
116: 1 5             	  RunTuple:  clrr r5
118: 12 1 3          		     addir #1 r3
121: 1 1             		     clrr r1
123: 15 3 1             	   	     addxr r3 r1  
126: 12 1 3          	   	     addir #1 r3
129: 15 3 6          	   	     addxr r3 r6
132: 53 6 0          	   	     movrx r6 r0
135:                 			
135: 12 1 3          		     addir #1 r3
138: 1 7             	             clrr r7
140: 15 3 7          	    	     addxr r3 r7
143: 44 10           	             outci #10
145: 55 25           		     outs Tape             ; Print Out Each Stage of Turing
147: 33 1 7          		     cmpir #1 r7
150: 57 160          		     jmpne MoveLeft
152:                 	 
152: 12 1 0          	 MoveRight:  addir #1 r0
155: 10 0 3          		     movar FirstTuple r3
158: 28 86           		     jmp FindTuplesCheck1    
160: 16 1 0          	  MoveLeft:  subir #1 r0   
163: 10 0 3          	             movar FirstTuple r3
166: 28 86           	             jmp FindTuplesCheck1	     
168:                 	             
168: 12 5 3             LoopAfterCheck1:  addir #5 r3
171: 28 86           		     jmp FindTuplesCheck1
173: 12 4 3             LoopAfterCheck2:  addir #4 r3
176: 28 86           		     jmp FindTuplesCheck1
178: 0                StopTuringMachine:  halt

Symbol Table:
tape 25 
loopaftercheck1 168 
loopaftercheck2 173 
findtuplescheck2 102 
stopturingmachine 178 
intromess 41 
firsttuple 0 
moveleft 160 
runtuple 116 
findtuplescheck1 86 
moveright 152 
setupturingmachine 66 
